// Jest Snapshot v1, https://goo.gl/fbAQLP

exports[`Reviews work should render Reviews Component 1`] = `
<article
  className="reviews"
>
  <div
    className="reviews__wrapper"
  >
    <span
      className="reviews__headline"
    >
      Отзывы
    </span>
    <button
      className="reviews__button"
    >
      Написать
    </button>
    <p
      className="reviews__comment"
    >
      Я молодая мама, но всё равно фотографии не набирали и близко такого количества лайков, как у популярных инстамамочек. В отчаянии, я накупила аксессуаров и игрушек в Мишке, и мои фотографии сразу стали более стильными, а также набирают больше лайков!
    </p>
    <ul
      className="reviews__author"
    >
      <li
        className="reviews__author__name"
      >
        Анастасия Красильникова
      </li>
      <li
        className="reviews__author__email"
      >
        @misssssiskras
      </li>
    </ul>
    <section
      className="reviews__slider"
    >
      <button
        className="reviews__slider__left"
        onClick={[Function]}
      />
      <button
        className="reviews__slider__right"
        onClick={[Function]}
      />
    </section>
  </div>
</article>
`;
