// Jest Snapshot v1, https://goo.gl/fbAQLP

exports[`VideoBlock works should render VideoBlock Component 1`] = `
<article
  className="video-block"
>
  <video
    className="video-block__video"
    height="100%"
    muted={true}
    onMouseEnter={[Function]}
    onMouseLeave={[Function]}
    poster={null}
    src={null}
    width="100%"
  />
  <section
    className="video-block__order"
  >
    <div
      className="video-block__order__wrapper"
    >
      <section
        className="video-block__order__headline-container"
      >
        <div
          className="video-block__order__badge"
        />
        <h1
          className="video-block__order__headline"
        >
           Процесс производства
        </h1>
      </section>
      <p
        className="video-block__order__text"
      >
        По просьбам наших любимых фолловеров мы сняли для вас подробное видео о том, как появляются наши товары.
      </p>
      <a
        className="video-block__order__button"
        href="/form"
      >
        СДЕЛАТЬ ЗАКАЗ
      </a>
    </div>
  </section>
</article>
`;
